[vinancee.com/index.html]
[backblue.gif]
[fade.gif]
[index.html]
[vinancee.com/assets/images/logoIcon/favicon.png]
[vinancee.com/assets/images/logoIcon/logo.png]
[vinancee.com/assets/images/seo/64ed913d053d31693290813.png]
[vinancee.com/assets/global/css/bootstrap.min.css]
[vinancee.com/assets/global/css/all.min.css]
[vinancee.com/assets/global/css/line-awesome.min.css]
[vinancee.com/assets/templates/basic/css/main.css]
[vinancee.com/assets/templates/basic/css/custom.css]
[vinancee.com/pwa/configuration.json]
[vinancee.com/assets/templates/basic/css/slick.css]
[vinancee.com/assets/templates/basic/css/swiper.css]
[vinancee.com/assets/templates/basic/css/colorf954.css]
[vinancee.com/assets/images/language/64aa848532bab1688896645.png]
[vinancee.com/assets/images/language/64f841da10efe1693991386.png]
[vinancee.com/assets/images/language/64aa85831e8b71688896899.png]
[vinancee.com/assets/images/language/64aa85cc90f961688896972.png]
[vinancee.com/user/login.html]
[vinancee.com/user/register.html]
[vinancee.com/market.html]
[vinancee.com/assets/images/extra_images/bar-chart.png]
[vinancee.com/trade.html]
[vinancee.com/assets/images/extra_images/p2p.png]
[vinancee.com/p2p.html]
[vinancee.com/crypto-currency.html]
[vinancee.com/about-us.html]
[vinancee.com/contact.html]
[vinancee.com/assets/templates/basic/images/shapes/banner_1.png]
[vinancee.com/assets/templates/basic/images/shapes/banner_1_dark.png]
[vinancee.com/assets/templates/basic/images/shapes/bg.png]
[vinancee.com/assets/templates/basic/images/shapes/bg_dark.png]
[vinancee.com/assets/images/frontend/banner/648d9ecec9f4d1687002830.png]
[vinancee.com/assets/images/frontend/banner/648d9eced917b1687002830.png]
[vinancee.com/assets/images/frontend/banner/648d9ecedc3c91687002830.png]
[vinancee.com/blog/zero-fee-bitcoin-trading-on-vinanceecom-revolutionizing-the-crypto-trading-experience-introduction/80.html]
[vinancee.com/assets/images/frontend/blog/thumb_64eaed5b147121693117787.png]
[vinancee.com/blog/notice-on-the-removal-of-trading-bots-services-from-selected-spot-trading-pairs/79.html]
[vinancee.com/assets/images/frontend/blog/thumb_64eaedbb155211693117883.png]
[vinancee.com/blog/auto-invest-adds-pendle-subscribe-to-auto-invest-to-get-up-to-2000-in-btc-token/78.html]
[vinancee.com/assets/images/frontend/blog/thumb_64eaee4382f0d1693118019.png]
[vinancee.com/blog/updates-on-minimum-order-size-for-spot-and-margin-trading-pairs/26.html]
[vinancee.com/assets/images/frontend/blog/thumb_64eaedf0ca2941693117936.png]
[vinancee.com/assets/templates/basic/images/shapes/table-1.png]
[vinancee.com/assets/templates/basic/images/shapes/table-12.png]
[vinancee.com/assets/images/frontend/choose_us/6671a9ad049c51718725037.png]
[vinancee.com/assets/images/frontend/how_to_invest/648db7736066c1687009139.png]
[vinancee.com/assets/images/frontend/how_to_invest/648db77371abe1687009139.png]
[vinancee.com/assets/images/currency/664b7f99bfa161716223897.png]
[vinancee.com/assets/images/currency/664c5007176ff1716277255.png]
[vinancee.com/assets/images/currency/664c507b3b42e1716277371.png]
[vinancee.com/assets/images/currency/664c52ea7a72f1716277994.png]
[vinancee.com/assets/images/currency/664c52a34d52d1716277923.png]
[vinancee.com/assets/images/currency/664c5168561e11716277608.png]
[vinancee.com/assets/images/currency/664c5393e5dc71716278163.png]
[vinancee.com/assets/images/currency/664c5413127081716278291.png]
[vinancee.com/assets/images/frontend/product/648dbd4f0b6951687010639.png]
[vinancee.com/assets/images/frontend/faq/6671ac6927f031718725737.png]
[vinancee.com/assets/images/frontend/faq/6671ac693f3081718725737.png]
[vinancee.com/assets/images/frontend/subscribe/648e95af142521687066031.png]
[vinancee.com/assets/images/frontend/subscribe/648e95af074e21687066031.png]
[vinancee.com/policy/trade-policy/87.html]
[vinancee.com/policy/terms-of-service/43.html]
[vinancee.com/policy/privacy-policy/42.html]
[vinancee.com/assets/global/js/jquery-3.7.1.min.js]
[vinancee.com/assets/global/js/bootstrap.bundle.min.js]
[vinancee.com/assets/templates/basic/js/main.js]
[vinancee.com/assets/global/js/pusher.min.js]
[vinancee.com/assets/global/js/broadcasting.js]
[vinancee.com/assets/templates/basic/js/slick.min.js]
[vinancee.com/assets/templates/basic/js/swiper.js]
[vinancee.com/market/list.json]
[vinancee.com/assets/images/extra_images/empty.png]
[vinancee.com/assets/global/css/iziToast.min.css]
[vinancee.com/assets/global/js/iziToast.min.js]
[vinancee.com/cookie/accept.html]
[vinancee.com/assets/templates/basic/js/pwa/serviceworker.js]
[vinancee.com/index.html]
[vinancee.com/assets/global/css/bootstrap.min.css]
[vinancee.com/cdn-cgi/challenge-platform/h/b/scripts/jsd/787bc399e22f/maind41d.js]
[vinancee.com/assets/global/webfonts/fa-brands-400.eot]
[vinancee.com/assets/global/webfonts/fa-brands-400d41d.eot]
[vinancee.com/assets/global/webfonts/fa-brands-400.woff2]
[vinancee.com/assets/global/webfonts/fa-brands-400.woff]
[vinancee.com/assets/global/webfonts/fa-brands-400.ttf]
[vinancee.com/assets/global/webfonts/fa-brands-400.svg]
[vinancee.com/assets/global/webfonts/fa-regular-400.eot]
[vinancee.com/assets/global/webfonts/fa-regular-400d41d.eot]
[vinancee.com/assets/global/webfonts/fa-regular-400.woff2]
[vinancee.com/assets/global/webfonts/fa-regular-400.woff]
[vinancee.com/assets/global/webfonts/fa-regular-400.ttf]
[vinancee.com/assets/global/webfonts/fa-regular-400.svg]
[vinancee.com/assets/global/webfonts/fa-solid-900.eot]
[vinancee.com/assets/global/webfonts/fa-solid-900.woff2]
[vinancee.com/assets/global/webfonts/fa-solid-900d41d.eot]
[vinancee.com/assets/global/webfonts/fa-solid-900.woff]
[vinancee.com/assets/global/webfonts/fa-solid-900.ttf]
[vinancee.com/assets/global/css/all.min.css]
[vinancee.com/assets/global/webfonts/fa-solid-900.svg]
[vinancee.com/assets/global/fonts/la-brands-400.eot]
[vinancee.com/assets/global/fonts/la-brands-400d41d.eot]
[vinancee.com/assets/global/fonts/la-brands-400.woff2]
[vinancee.com/assets/global/fonts/la-brands-400.woff]
[vinancee.com/assets/global/fonts/la-brands-400.ttf]
[vinancee.com/assets/global/fonts/la-brands-400.svg]
[vinancee.com/assets/global/fonts/la-regular-400.eot]
[vinancee.com/assets/global/fonts/la-regular-400d41d.eot]
[vinancee.com/assets/global/fonts/la-regular-400.woff2]
[vinancee.com/assets/global/fonts/la-regular-400.woff]
[vinancee.com/assets/global/fonts/la-regular-400.ttf]
[vinancee.com/assets/global/fonts/la-regular-400.svg]
[vinancee.com/assets/global/fonts/la-solid-900.eot]
[vinancee.com/assets/global/fonts/la-solid-900d41d.eot]
[vinancee.com/assets/global/fonts/la-solid-900.woff2]
[vinancee.com/assets/global/fonts/la-solid-900.woff]
[vinancee.com/assets/global/fonts/la-solid-900.ttf]
[vinancee.com/assets/global/css/line-awesome.min.css]
[vinancee.com/assets/templates/basic/css/main.css]
[vinancee.com/assets/templates/basic/css/custom.css]
[vinancee.com/assets/templates/basic/css/slick.css]
[vinancee.com/assets/templates/basic/css/swiper.css]
[vinancee.com/assets/templates/basic/css/colorf954.css]
[vinancee.com/assets/global/fonts/la-solid-900.svg]
[vinancee.com/assets/images/logoIcon/logo_base.png]
[vinancee.com/assets/images/frontend/login/648ea891e68a91687070865.png]
[vinancee.com/assets/templates/basic/images/icons/google.svg]
[vinancee.com/assets/templates/basic/images/icons/metamask.svg]
[vinancee.com/user/password/reset.html]
[www.google.com/recaptcha/api.js]
[vinancee.com/assets/templates/basic/js/metamask-sdk.js]
[vinancee.com/user/web3/metamask-login/message.json]
[vinancee.com/user/login.html]
[vinancee.com/assets/images/frontend/register/648ec5b656f6a1687078326.png]
[vinancee.com/assets/global/js/secure_password.js]
[vinancee.com/user/register.html]
[vinancee.com/market.html]
[vinancee.com/assets/templates/basic/css/range-ui.css]
[s3.tradingview.com/tv.js]
[vinancee.com/assets/images/extra_images/user.png]
[vinancee.com/assets/templates/basic/js/jquery-ui.js]
[vinancee.com/trade/order/book/_curSym.json]
[vinancee.com/trade/order/list/_pairSym.json]
[vinancee.com/trade/pairs.json]
[vinancee.com/trade/history/_curSym.json]
[vinancee.com/trade.html]
[vinancee.com/assets/templates/basic/css/p2p.css]
[vinancee.com/assets/images/frontend/p2p_banner/655e03562fb081700660054.png]
[vinancee.com/assets/images/frontend/p2p_banner/655e0355e3e7e1700660053.png]
[vinancee.com/assets/images/currency/66657c875ac011717927047.jpg]
[vinancee.com/assets/images/currency/66657ec4270b81717927620.jpg]
[vinancee.com/assets/images/currency/6728b0d4e24f21730719956.png]
[vinancee.com/assets/images/currency/67586fd96a4f81733849049.png]
[vinancee.com/assets/images/currency/67587002401421733849090.png]
[vinancee.com/assets/images/currency/675870cc16e231733849292.png]
[vinancee.com/assets/images/currency/664dabe9a53761716366313.jpg]
[vinancee.com/assets/images/country/af.svg]
[vinancee.com/assets/images/country/ax.svg]
[vinancee.com/assets/images/country/al.svg]
[vinancee.com/assets/images/country/dz.svg]
[vinancee.com/assets/images/country/as.svg]
[vinancee.com/assets/images/country/ad.svg]
[vinancee.com/assets/images/country/ao.svg]
[vinancee.com/assets/images/country/ai.svg]
[vinancee.com/assets/images/country/aq.svg]
[vinancee.com/assets/images/country/ag.svg]
[vinancee.com/assets/images/country/ar.svg]
[vinancee.com/assets/images/country/am.svg]
[vinancee.com/assets/images/country/aw.svg]
[vinancee.com/assets/images/country/au.svg]
[vinancee.com/assets/images/country/at.svg]
[vinancee.com/assets/images/country/az.svg]
[vinancee.com/assets/images/country/bs.svg]
[vinancee.com/assets/images/country/bh.svg]
[vinancee.com/assets/images/country/bd.svg]
[vinancee.com/assets/images/country/bb.svg]
[vinancee.com/assets/images/country/by.svg]
[vinancee.com/assets/images/country/be.svg]
[vinancee.com/assets/images/country/bz.svg]
[vinancee.com/assets/images/country/bj.svg]
[vinancee.com/assets/images/country/bm.svg]
[vinancee.com/assets/images/country/bt.svg]
[vinancee.com/assets/images/country/bo.svg]
[vinancee.com/assets/images/country/ba.svg]
[vinancee.com/assets/images/country/bw.svg]
[vinancee.com/assets/images/country/br.svg]
[vinancee.com/assets/images/country/io.svg]
[vinancee.com/assets/images/country/bn.svg]
[vinancee.com/assets/images/country/bg.svg]
[vinancee.com/assets/images/country/bf.svg]
[vinancee.com/assets/images/country/bi.svg]
[vinancee.com/assets/images/country/kh.svg]
[vinancee.com/assets/images/country/cm.svg]
[vinancee.com/assets/images/country/ca.svg]
[vinancee.com/assets/images/country/cv.svg]
[vinancee.com/assets/images/country/ky.svg]
[vinancee.com/assets/images/country/cf.svg]
[vinancee.com/assets/images/country/td.svg]
[vinancee.com/assets/images/country/cl.svg]
[vinancee.com/assets/images/country/cn.svg]
[vinancee.com/assets/images/country/cx.svg]
[vinancee.com/assets/images/country/cc.svg]
[vinancee.com/assets/images/country/co.svg]
[vinancee.com/assets/images/country/km.svg]
[vinancee.com/assets/images/country/cg.svg]
[vinancee.com/assets/images/country/cd.svg]
[vinancee.com/assets/images/country/ck.svg]
[vinancee.com/assets/images/country/cr.svg]
[vinancee.com/assets/images/country/ci.svg]
[vinancee.com/assets/images/country/hr.svg]
[vinancee.com/assets/images/country/cu.svg]
[vinancee.com/assets/images/country/cy.svg]
[vinancee.com/assets/images/country/cz.svg]
[vinancee.com/assets/images/country/dk.svg]
[vinancee.com/assets/images/country/dj.svg]
[vinancee.com/assets/images/country/dm.svg]
[vinancee.com/assets/images/country/do.svg]
[vinancee.com/assets/images/country/ec.svg]
[vinancee.com/assets/images/country/eg.svg]
[vinancee.com/assets/images/country/sv.svg]
[vinancee.com/assets/images/country/gq.svg]
[vinancee.com/assets/images/country/er.svg]
[vinancee.com/assets/images/country/ee.svg]
[vinancee.com/assets/images/country/et.svg]
[vinancee.com/assets/images/country/fk.svg]
[vinancee.com/assets/images/country/fo.svg]
[vinancee.com/assets/images/country/fj.svg]
[vinancee.com/assets/images/country/fi.svg]
[vinancee.com/assets/images/country/fr.svg]
[vinancee.com/assets/images/country/gf.svg]
[vinancee.com/assets/images/country/pf.svg]
[vinancee.com/assets/images/country/ga.svg]
[vinancee.com/assets/images/country/gm.svg]
[vinancee.com/assets/images/country/ge.svg]
[vinancee.com/assets/images/country/de.svg]
[vinancee.com/assets/images/country/gh.svg]
[vinancee.com/assets/images/country/gi.svg]
[vinancee.com/assets/images/country/gr.svg]
[vinancee.com/assets/images/country/gl.svg]
[vinancee.com/assets/images/country/gd.svg]
[vinancee.com/assets/images/country/gp.svg]
[vinancee.com/assets/images/country/gu.svg]
[vinancee.com/assets/images/country/gt.svg]
[vinancee.com/assets/images/country/gg.svg]
[vinancee.com/assets/images/country/gn.svg]
[vinancee.com/assets/images/country/gw.svg]
[vinancee.com/assets/images/country/gy.svg]
[vinancee.com/assets/images/country/ht.svg]
[vinancee.com/assets/images/country/va.svg]
[vinancee.com/assets/images/country/hn.svg]
[vinancee.com/assets/images/country/hk.svg]
[vinancee.com/assets/images/country/hu.svg]
[vinancee.com/assets/images/country/is.svg]
[vinancee.com/assets/images/country/in.svg]
[vinancee.com/assets/images/country/id.svg]
[vinancee.com/assets/images/country/ir.svg]
[vinancee.com/assets/images/country/iq.svg]
[vinancee.com/assets/images/country/ie.svg]
[vinancee.com/assets/images/country/im.svg]
[vinancee.com/assets/images/country/il.svg]
[vinancee.com/assets/images/country/it.svg]
[vinancee.com/assets/images/country/jm.svg]
[vinancee.com/assets/images/country/jp.svg]
[vinancee.com/assets/images/country/je.svg]
[vinancee.com/assets/images/country/jo.svg]
[vinancee.com/assets/images/country/kz.svg]
[vinancee.com/assets/images/country/ke.svg]
[vinancee.com/assets/images/country/ki.svg]
[vinancee.com/assets/images/country/kp.svg]
[vinancee.com/assets/images/country/kr.svg]
[vinancee.com/assets/images/country/kw.svg]
[vinancee.com/assets/images/country/kg.svg]
[vinancee.com/assets/images/country/la.svg]
[vinancee.com/assets/images/country/lv.svg]
[vinancee.com/assets/images/country/lb.svg]
[vinancee.com/assets/images/country/ls.svg]
[vinancee.com/assets/images/country/lr.svg]
[vinancee.com/assets/images/country/ly.svg]
[vinancee.com/assets/images/country/li.svg]
[vinancee.com/assets/images/country/lt.svg]
[vinancee.com/assets/images/country/lu.svg]
[vinancee.com/assets/images/country/mo.svg]
[vinancee.com/assets/images/country/mk.svg]
[vinancee.com/assets/images/country/mg.svg]
[vinancee.com/assets/images/country/mw.svg]
[vinancee.com/assets/images/country/my.svg]
[vinancee.com/assets/images/country/mv.svg]
[vinancee.com/assets/images/country/ml.svg]
[vinancee.com/assets/images/country/mt.svg]
[vinancee.com/assets/images/country/mh.svg]
[vinancee.com/assets/images/country/mq.svg]
[vinancee.com/assets/images/country/mr.svg]
[vinancee.com/assets/images/country/mu.svg]
[vinancee.com/assets/images/country/yt.svg]
[vinancee.com/assets/images/country/mx.svg]
[vinancee.com/assets/images/country/fm.svg]
[vinancee.com/assets/images/country/md.svg]
[vinancee.com/assets/images/country/mc.svg]
[vinancee.com/assets/images/country/mn.svg]
[vinancee.com/assets/images/country/me.svg]
[vinancee.com/assets/images/country/ms.svg]
[vinancee.com/assets/images/country/ma.svg]
[vinancee.com/assets/images/country/mz.svg]
[vinancee.com/assets/images/country/mm.svg]
[vinancee.com/assets/images/country/na.svg]
[vinancee.com/assets/images/country/nr.svg]
[vinancee.com/assets/images/country/np.svg]
[vinancee.com/assets/images/country/nl.svg]
[vinancee.com/placeholder-image/20x20.html]
[vinancee.com/assets/images/country/nc.svg]
[vinancee.com/assets/images/country/nz.svg]
[vinancee.com/assets/images/country/ni.svg]
[vinancee.com/assets/images/country/ne.svg]
[vinancee.com/assets/images/country/ng.svg]
[vinancee.com/assets/images/country/nu.svg]
[vinancee.com/assets/images/country/nf.svg]
[vinancee.com/assets/images/country/mp.svg]
[vinancee.com/assets/images/country/no.svg]
[vinancee.com/assets/images/country/om.svg]
[vinancee.com/assets/images/country/pk.svg]
[vinancee.com/assets/images/country/pw.svg]
[vinancee.com/assets/images/country/ps.svg]
[vinancee.com/assets/images/country/pa.svg]
[vinancee.com/assets/images/country/pg.svg]
[vinancee.com/assets/images/country/py.svg]
[vinancee.com/assets/images/country/pe.svg]
[vinancee.com/assets/images/country/ph.svg]
[vinancee.com/assets/images/country/pn.svg]
[vinancee.com/assets/images/country/pl.svg]
[vinancee.com/assets/images/country/pt.svg]
[vinancee.com/assets/images/country/pr.svg]
[vinancee.com/assets/images/country/qa.svg]
[vinancee.com/assets/images/country/ro.svg]
[vinancee.com/assets/images/country/ru.svg]
[vinancee.com/assets/images/country/rw.svg]
[vinancee.com/assets/images/country/re.svg]
[vinancee.com/assets/images/country/bl.svg]
[vinancee.com/assets/images/country/sh.svg]
[vinancee.com/assets/images/country/kn.svg]
[vinancee.com/assets/images/country/lc.svg]
[vinancee.com/assets/images/country/mf.svg]
[vinancee.com/assets/images/country/pm.svg]
[vinancee.com/assets/images/country/vc.svg]
[vinancee.com/assets/images/country/ws.svg]
[vinancee.com/assets/images/country/sm.svg]
[vinancee.com/assets/images/country/st.svg]
[vinancee.com/assets/images/country/sa.svg]
[vinancee.com/assets/images/country/sn.svg]
[vinancee.com/assets/images/country/rs.svg]
[vinancee.com/assets/images/country/sc.svg]
[vinancee.com/assets/images/country/sl.svg]
[vinancee.com/assets/images/country/sg.svg]
[vinancee.com/assets/images/country/sk.svg]
[vinancee.com/assets/images/country/si.svg]
[vinancee.com/assets/images/country/sb.svg]
[vinancee.com/assets/images/country/so.svg]
[vinancee.com/assets/images/country/za.svg]
[vinancee.com/assets/images/country/ss.svg]
[vinancee.com/assets/images/country/gs.svg]
[vinancee.com/assets/images/country/es.svg]
[vinancee.com/assets/images/country/lk.svg]
[vinancee.com/assets/images/country/sd.svg]
[vinancee.com/assets/images/country/sr.svg]
[vinancee.com/assets/images/country/sj.svg]
[vinancee.com/assets/images/country/sz.svg]
[vinancee.com/assets/images/country/se.svg]
[vinancee.com/assets/images/country/ch.svg]
[vinancee.com/assets/images/country/sy.svg]
[vinancee.com/assets/images/country/tw.svg]
[vinancee.com/assets/images/country/tj.svg]
[vinancee.com/assets/images/country/tz.svg]
[vinancee.com/assets/images/country/th.svg]
[vinancee.com/assets/images/country/tl.svg]
[vinancee.com/assets/images/country/tg.svg]
[vinancee.com/assets/images/country/tk.svg]
[vinancee.com/assets/images/country/to.svg]
[vinancee.com/assets/images/country/tt.svg]
[vinancee.com/assets/images/country/tn.svg]
[vinancee.com/assets/images/country/tr.svg]
[vinancee.com/assets/images/country/tm.svg]
[vinancee.com/assets/images/country/tc.svg]
[vinancee.com/assets/images/country/tv.svg]
[vinancee.com/assets/images/country/ug.svg]
[vinancee.com/assets/images/country/ua.svg]
[vinancee.com/assets/images/country/ae.svg]
[vinancee.com/assets/images/country/gb.svg]
[vinancee.com/assets/images/country/us.svg]
[vinancee.com/assets/images/country/uy.svg]
[vinancee.com/assets/images/country/uz.svg]
[vinancee.com/assets/images/country/vu.svg]
[vinancee.com/assets/images/country/ve.svg]
[vinancee.com/assets/images/country/vn.svg]
[vinancee.com/assets/images/country/vg.svg]
[vinancee.com/assets/images/country/vi.svg]
[vinancee.com/assets/images/country/wf.svg]
[vinancee.com/assets/images/country/ye.svg]
[vinancee.com/assets/images/country/zm.svg]
[vinancee.com/assets/images/country/zw.svg]
[vinancee.com/p2p/_type/_coin/_currency/_paymentMethod/_region/_amount]
[vinancee.com/^-d41d]
[vinancee.com/p2p.html]
[vinancee.com/crypto/list.json]
[vinancee.com/crypto-currency.html]
[vinancee.com/about-us.html]
[vinancee.com/cdn-cgi/l/email-protection.html]
[vinancee.com/assets/images/frontend/contact_us/6671a8c849b561718724808.png]
[vinancee.com/assets/images/frontend/contact_us/6671a8fb6b14a1718724859.png]
[vinancee.com/contact.html]
[vinancee.com/cdn-cgi/scripts/5c5dd728/cloudflare-static/email-decode.min.js]
[vinancee.com/placeholder-image/820x440.jpg]
[vinancee.com/assets/images/frontend/blog/64eaed5b147121693117787.png]
[vinancee.com/blog/80/zero-fee-bitcoin-trading-on-vinanceecom-revolutionizing-the-crypto-trading-experience-introduction]
[vinancee.com/blog/zero-fee-bitcoin-trading-on-vinanceecom-revolutionizing-the-crypto-trading-experience-introduction/80.html]
[vinancee.com/assets/images/frontend/blog/64eaedbb155211693117883.png]
[vinancee.com/blog/79/notice-on-the-removal-of-trading-bots-services-from-selected-spot-trading-pairs]
[vinancee.com/blog/notice-on-the-removal-of-trading-bots-services-from-selected-spot-trading-pairs/79.html]
[vinancee.com/assets/images/frontend/blog/64eaee4382f0d1693118019.png]
[vinancee.com/blog/78/auto-invest-adds-pendle-subscribe-to-auto-invest-to-get-up-to-2000-in-btc-token]
[vinancee.com/blog/auto-invest-adds-pendle-subscribe-to-auto-invest-to-get-up-to-2000-in-btc-token/78.html]
[vinancee.com/assets/images/frontend/blog/64eaedf0ca2941693117936.png]
[vinancee.com/blog/26/updates-on-minimum-order-size-for-spot-and-margin-trading-pairs]
[vinancee.com/blog/updates-on-minimum-order-size-for-spot-and-margin-trading-pairs/26.html]
[vinancee.com/policy/trade-policy/87.html]
[vinancee.com/policy/terms-of-service/43.html]
[vinancee.com/policy/privacy-policy/42.html]
[vinancee.com/assets/global/js/jquery-3.7.1.min.js]
[vinancee.com/assets/global/js/bootstrap.bundle.min.js]
[vinancee.com/assets/templates/basic/js/main.js]
[vinancee.com/assets/global/js/pusher.min.js]
[vinancee.com/assets/global/js/broadcasting.js]
[vinancee.com/assets/templates/basic/js/slick.min.js]
[vinancee.com/e]
[vinancee.com/t.params.url]
[vinancee.com/assets/templates/basic/js/swiper.js]
[vinancee.com/assets/global/css/iziToast.min.css]
[vinancee.com/assets/global/js/iziToast.min.js]
[vinancee.com/cookie/accept.html]
[vinancee.com/assets/templates/basic/js/pwa/serviceworker.js]
[vinancee.com/assets/global/webfonts/fa-brands-400.svg]
[vinancee.com/assets/global/webfonts/fa-regular-400.svg]
[vinancee.com/assets/global/webfonts/fa-solid-900.svg]
[vinancee.com/assets/global/fonts/la-brands-400.svg]
[vinancee.com/assets/global/fonts/la-regular-400.svg]
[vinancee.com/assets/global/fonts/la-solid-900.svg]
[vinancee.com/assets/templates/basic/images/icons/google.svg]
[vinancee.com/assets/templates/basic/images/icons/metamask.svg]
[vinancee.com/assets/images/frontend/account_recovery/64b23f7a69a9a1689403258.png]
[vinancee.com/user/password/reset.html]
[vinancee.com/user/GET]
[vinancee.com/assets/templates/basic/js/metamask-sdk.js]
[vinancee.com/user/web3/metamask-login/verify.html]
[vinancee.com/assets/global/js/secure_password.js]
[vinancee.com/user/check-mail.html]
[vinancee.com/assets/templates/basic/css/images/ui-icons_444444_256x240.png]
[vinancee.com/assets/templates/basic/css/images/ui-icons_555555_256x240.png]
[vinancee.com/assets/templates/basic/css/images/ui-icons_ffffff_256x240.png]
[vinancee.com/assets/templates/basic/css/images/ui-icons_777620_256x240.png]
[vinancee.com/assets/templates/basic/css/images/ui-icons_cc0000_256x240.png]
[vinancee.com/assets/templates/basic/css/images/ui-icons_777777_256x240.png]
[vinancee.com/assets/templates/basic/css/range-ui.css]
[vinancee.com/assets/templates/basic/js/jquery-ui.js]
[vinancee.com/user/order/save/_symbol.html]
[vinancee.com/user/order/cancel/_id.html]
[vinancee.com/user/order/update/_id.html]
[vinancee.com/assets/templates/basic/css/p2p.css]
[vinancee.com/assets/images/country/af.svg]
[vinancee.com/assets/images/country/ax.svg]
[vinancee.com/assets/images/country/al.svg]
[vinancee.com/assets/images/country/dz.svg]
[vinancee.com/assets/images/country/as.svg]
[vinancee.com/assets/images/country/ad.svg]
[vinancee.com/assets/images/country/ao.svg]
[vinancee.com/assets/images/country/ai.svg]
[vinancee.com/assets/images/country/aq.svg]
[vinancee.com/assets/images/country/ag.svg]
[vinancee.com/assets/images/country/ar.svg]
[vinancee.com/assets/images/country/am.svg]
[vinancee.com/assets/images/country/aw.svg]
[vinancee.com/assets/images/country/au.svg]
[vinancee.com/assets/images/country/at.svg]
[vinancee.com/assets/images/country/az.svg]
[vinancee.com/assets/images/country/bs.svg]
[vinancee.com/assets/images/country/bh.svg]
[vinancee.com/assets/images/country/bd.svg]
[vinancee.com/assets/images/country/bb.svg]
[vinancee.com/assets/images/country/by.svg]
[vinancee.com/assets/images/country/be.svg]
[vinancee.com/assets/images/country/bz.svg]
[vinancee.com/assets/images/country/bj.svg]
[vinancee.com/assets/images/country/bm.svg]
[vinancee.com/assets/images/country/bt.svg]
[vinancee.com/assets/images/country/bo.svg]
[vinancee.com/assets/images/country/ba.svg]
[vinancee.com/assets/images/country/bw.svg]
[vinancee.com/assets/images/country/br.svg]
[vinancee.com/assets/images/country/io.svg]
[vinancee.com/assets/images/country/bn.svg]
[vinancee.com/assets/images/country/bg.svg]
[vinancee.com/assets/images/country/bf.svg]
[vinancee.com/assets/images/country/bi.svg]
[vinancee.com/assets/images/country/kh.svg]
[vinancee.com/assets/images/country/cm.svg]
[vinancee.com/assets/images/country/ca.svg]
[vinancee.com/assets/images/country/cv.svg]
[vinancee.com/assets/images/country/ky.svg]
[vinancee.com/assets/images/country/cf.svg]
[vinancee.com/assets/images/country/td.svg]
[vinancee.com/assets/images/country/cl.svg]
[vinancee.com/assets/images/country/cn.svg]
[vinancee.com/assets/images/country/cx.svg]
[vinancee.com/assets/images/country/cc.svg]
[vinancee.com/assets/images/country/co.svg]
[vinancee.com/assets/images/country/km.svg]
[vinancee.com/assets/images/country/cg.svg]
[vinancee.com/assets/images/country/cd.svg]
[vinancee.com/assets/images/country/ck.svg]
[vinancee.com/assets/images/country/cr.svg]
[vinancee.com/assets/images/country/ci.svg]
[vinancee.com/assets/images/country/hr.svg]
[vinancee.com/assets/images/country/cu.svg]
[vinancee.com/assets/images/country/cy.svg]
[vinancee.com/assets/images/country/cz.svg]
[vinancee.com/assets/images/country/dk.svg]
[vinancee.com/assets/images/country/dj.svg]
[vinancee.com/assets/images/country/dm.svg]
[vinancee.com/assets/images/country/do.svg]
[vinancee.com/assets/images/country/ec.svg]
[vinancee.com/assets/images/country/eg.svg]
[vinancee.com/assets/images/country/sv.svg]
[vinancee.com/assets/images/country/gq.svg]
[vinancee.com/assets/images/country/er.svg]
[vinancee.com/assets/images/country/ee.svg]
[vinancee.com/assets/images/country/et.svg]
[vinancee.com/assets/images/country/fk.svg]
[vinancee.com/assets/images/country/fo.svg]
[vinancee.com/assets/images/country/fj.svg]
[vinancee.com/assets/images/country/fi.svg]
[vinancee.com/assets/images/country/fr.svg]
[vinancee.com/assets/images/country/gf.svg]
[vinancee.com/assets/images/country/pf.svg]
[vinancee.com/assets/images/country/ga.svg]
[vinancee.com/assets/images/country/gm.svg]
[vinancee.com/assets/images/country/ge.svg]
[vinancee.com/assets/images/country/de.svg]
[vinancee.com/assets/images/country/gh.svg]
[vinancee.com/assets/images/country/gi.svg]
[vinancee.com/assets/images/country/gr.svg]
[vinancee.com/assets/images/country/gl.svg]
[vinancee.com/assets/images/country/gd.svg]
[vinancee.com/assets/images/country/gp.svg]
[vinancee.com/assets/images/country/gu.svg]
[vinancee.com/assets/images/country/gt.svg]
[vinancee.com/assets/images/country/gg.svg]
[vinancee.com/assets/images/country/gn.svg]
[vinancee.com/assets/images/country/gw.svg]
[vinancee.com/assets/images/country/gy.svg]
[vinancee.com/assets/images/country/ht.svg]
[vinancee.com/assets/images/country/va.svg]
[vinancee.com/assets/images/country/hn.svg]
[vinancee.com/assets/images/country/hk.svg]
[vinancee.com/assets/images/country/hu.svg]
[vinancee.com/assets/images/country/is.svg]
[vinancee.com/assets/images/country/in.svg]
[vinancee.com/assets/images/country/id.svg]
[vinancee.com/assets/images/country/ir.svg]
[vinancee.com/assets/images/country/iq.svg]
[vinancee.com/assets/images/country/ie.svg]
[vinancee.com/assets/images/country/im.svg]
[vinancee.com/assets/images/country/il.svg]
[vinancee.com/assets/images/country/it.svg]
[vinancee.com/assets/images/country/jm.svg]
[vinancee.com/assets/images/country/jp.svg]
[vinancee.com/assets/images/country/je.svg]
[vinancee.com/assets/images/country/jo.svg]
[vinancee.com/assets/images/country/kz.svg]
[vinancee.com/assets/images/country/ke.svg]
[vinancee.com/assets/images/country/ki.svg]
[vinancee.com/assets/images/country/kp.svg]
[vinancee.com/assets/images/country/kr.svg]
[vinancee.com/assets/images/country/kw.svg]
[vinancee.com/assets/images/country/kg.svg]
[vinancee.com/assets/images/country/la.svg]
[vinancee.com/assets/images/country/lv.svg]
[vinancee.com/assets/images/country/lb.svg]
[vinancee.com/assets/images/country/ls.svg]
[vinancee.com/assets/images/country/lr.svg]
[vinancee.com/assets/images/country/ly.svg]
[vinancee.com/assets/images/country/li.svg]
[vinancee.com/assets/images/country/lt.svg]
[vinancee.com/assets/images/country/lu.svg]
[vinancee.com/assets/images/country/mo.svg]
[vinancee.com/assets/images/country/mk.svg]
[vinancee.com/assets/images/country/mg.svg]
[vinancee.com/assets/images/country/mw.svg]
[vinancee.com/assets/images/country/my.svg]
[vinancee.com/assets/images/country/mv.svg]
[vinancee.com/assets/images/country/ml.svg]
[vinancee.com/assets/images/country/mt.svg]
[vinancee.com/assets/images/country/mh.svg]
[vinancee.com/assets/images/country/mq.svg]
[vinancee.com/assets/images/country/mr.svg]
[vinancee.com/assets/images/country/mu.svg]
[vinancee.com/assets/images/country/yt.svg]
[vinancee.com/assets/images/country/mx.svg]
[vinancee.com/assets/images/country/fm.svg]
[vinancee.com/assets/images/country/md.svg]
[vinancee.com/assets/images/country/mc.svg]
[vinancee.com/assets/images/country/mn.svg]
[vinancee.com/assets/images/country/me.svg]
[vinancee.com/assets/images/country/ms.svg]
[vinancee.com/assets/images/country/ma.svg]
[vinancee.com/assets/images/country/mz.svg]
[vinancee.com/assets/images/country/mm.svg]
[vinancee.com/assets/images/country/na.svg]
[vinancee.com/assets/images/country/nr.svg]
[vinancee.com/assets/images/country/np.svg]
[vinancee.com/assets/images/country/nl.svg]
[vinancee.com/placeholder-image/20x20.html]
[vinancee.com/assets/images/country/nc.svg]
[vinancee.com/assets/images/country/nz.svg]
[vinancee.com/assets/images/country/ni.svg]
[vinancee.com/assets/images/country/ne.svg]
[vinancee.com/assets/images/country/ng.svg]
[vinancee.com/assets/images/country/nu.svg]
[vinancee.com/assets/images/country/nf.svg]
[vinancee.com/assets/images/country/mp.svg]
[vinancee.com/assets/images/country/no.svg]
[vinancee.com/assets/images/country/om.svg]
[vinancee.com/assets/images/country/pk.svg]
[vinancee.com/assets/images/country/pw.svg]
[vinancee.com/assets/images/country/ps.svg]
[vinancee.com/assets/images/country/pa.svg]
[vinancee.com/assets/images/country/pg.svg]
[vinancee.com/assets/images/country/py.svg]
[vinancee.com/assets/images/country/pe.svg]
[vinancee.com/assets/images/country/ph.svg]
[vinancee.com/assets/images/country/pn.svg]
[vinancee.com/assets/images/country/pl.svg]
[vinancee.com/assets/images/country/pt.svg]
[vinancee.com/assets/images/country/pr.svg]
[vinancee.com/assets/images/country/qa.svg]
[vinancee.com/assets/images/country/ro.svg]
[vinancee.com/assets/images/country/ru.svg]
[vinancee.com/assets/images/country/rw.svg]
[vinancee.com/assets/images/country/re.svg]
[vinancee.com/assets/images/country/bl.svg]
[vinancee.com/assets/images/country/sh.svg]
[vinancee.com/assets/images/country/kn.svg]
[vinancee.com/assets/images/country/lc.svg]
[vinancee.com/assets/images/country/mf.svg]
[vinancee.com/assets/images/country/pm.svg]
[vinancee.com/assets/images/country/vc.svg]
[vinancee.com/assets/images/country/ws.svg]
[vinancee.com/assets/images/country/sm.svg]
[vinancee.com/assets/images/country/st.svg]
[vinancee.com/assets/images/country/sa.svg]
[vinancee.com/assets/images/country/sn.svg]
[vinancee.com/assets/images/country/rs.svg]
[vinancee.com/assets/images/country/sc.svg]
[vinancee.com/assets/images/country/sl.svg]
[vinancee.com/assets/images/country/sg.svg]
[vinancee.com/assets/images/country/sk.svg]
[vinancee.com/assets/images/country/si.svg]
[vinancee.com/assets/images/country/sb.svg]
[vinancee.com/assets/images/country/so.svg]
[vinancee.com/assets/images/country/za.svg]
[vinancee.com/assets/images/country/ss.svg]
[vinancee.com/assets/images/country/gs.svg]
[vinancee.com/assets/images/country/es.svg]
[vinancee.com/assets/images/country/lk.svg]
[vinancee.com/assets/images/country/sd.svg]
[vinancee.com/assets/images/country/sr.svg]
[vinancee.com/assets/images/country/sj.svg]
[vinancee.com/assets/images/country/sz.svg]
[vinancee.com/assets/images/country/se.svg]
[vinancee.com/assets/images/country/ch.svg]
[vinancee.com/assets/images/country/sy.svg]
[vinancee.com/assets/images/country/tw.svg]
[vinancee.com/assets/images/country/tj.svg]
[vinancee.com/assets/images/country/tz.svg]
[vinancee.com/assets/images/country/th.svg]
[vinancee.com/assets/images/country/tl.svg]
[vinancee.com/assets/images/country/tg.svg]
[vinancee.com/assets/images/country/tk.svg]
[vinancee.com/assets/images/country/to.svg]
[vinancee.com/assets/images/country/tt.svg]
[vinancee.com/assets/images/country/tn.svg]
[vinancee.com/assets/images/country/tr.svg]
[vinancee.com/assets/images/country/tm.svg]
[vinancee.com/assets/images/country/tc.svg]
[vinancee.com/assets/images/country/tv.svg]
[vinancee.com/assets/images/country/ug.svg]
[vinancee.com/assets/images/country/ua.svg]
[vinancee.com/assets/images/country/ae.svg]
[vinancee.com/assets/images/country/gb.svg]
[vinancee.com/assets/images/country/us.svg]
[vinancee.com/assets/images/country/uy.svg]
[vinancee.com/assets/images/country/uz.svg]
[vinancee.com/assets/images/country/vu.svg]
[vinancee.com/assets/images/country/ve.svg]
[vinancee.com/assets/images/country/vn.svg]
[vinancee.com/assets/images/country/vg.svg]
[vinancee.com/assets/images/country/vi.svg]
[vinancee.com/assets/images/country/wf.svg]
[vinancee.com/assets/images/country/ye.svg]
[vinancee.com/assets/images/country/zm.svg]
[vinancee.com/assets/images/country/zw.svg]
[vinancee.com/p2p/_type/_coin/_currency/_paymentMethod/_region/_amount.html]
[vinancee.com/^-d41d.html]
[vinancee.com/user/p2p/trade/request/save/_id.html]
[vinancee.com/cdn-cgi/l/email-protection.html]
[vinancee.com/blog/80/zero-fee-bitcoin-trading-on-vinanceecom-revolutionizing-the-crypto-trading-experience-introduction.html]
[vinancee.com/blog/79/notice-on-the-removal-of-trading-bots-services-from-selected-spot-trading-pairs.html]
[vinancee.com/blog/78/auto-invest-adds-pendle-subscribe-to-auto-invest-to-get-up-to-2000-in-btc-token.html]
[vinancee.com/blog/26/updates-on-minimum-order-size-for-spot-and-margin-trading-pairs.html]
[vinancee.com/Version]
[vinancee.com/Version/index.html]
[vinancee.com/e.html]
[vinancee.com/t.params.html]
[vinancee.com/user/ABCDEFGHIJKLMNOPQRSTUVWXYZabcdefghijklmnopqrstuvwxyz0123456789+]
[vinancee.com/user/ABCDEFGHIJKLMNOPQRSTUVWXYZabcdefghijklmnopqrstuvwxyz0123456789+/index.html]
[vinancee.com/user/GET.html]
[vinancee.com/user/$&.1a8.delayed]
[vinancee.com/user/$&/index.html]
[vinancee.com/assets/templates/basic/css/images/ui-icons_444444_256x240.html]
[vinancee.com/assets/templates/basic/css/images/ui-icons_555555_256x240.html]
[vinancee.com/assets/templates/basic/css/images/ui-icons_ffffff_256x240.html]
[vinancee.com/assets/templates/basic/css/images/ui-icons_777620_256x240.html]
[vinancee.com/assets/templates/basic/css/images/ui-icons_cc0000_256x240.html]
[vinancee.com/assets/templates/basic/css/images/ui-icons_777777_256x240.html]
[vinancee.com/Version.html]
[vinancee.com/user/ABCDEFGHIJKLMNOPQRSTUVWXYZabcdefghijklmnopqrstuvwxyz0123456789+.html]
[vinancee.com/user/$&.html]
